<?xml version="1.0" encoding="utf-8"?>
<TestRun id="071b9553-3166-4d47-929e-21ec5e69e338" name="Administrator@LAPTOP 2026-08-30 17:54:56" runUser="LAPTOP\Administrator" xmlns="http://microsoft.com/schemas/VisualStudio/TeamTest/2010">
  <Times creation="2026-08-30T17:54:56.3543738+01:00" queuing="2026-08-30T17:54:56.3543739+01:00" start="2026-08-30T17:54:55.6650695+01:00" finish="2026-08-30T17:54:56.7777574+01:00" />
  <TestSettings name="default" id="6355ae82-0166-40ed-bf90-011a0cfdf689">
    <Deployment runDeploymentRoot="Administrator_LAPTOP_2026-08-30_17_54_56" />
  </TestSettings>
  <Results>
    <UnitTestResult executionId="fa662704-80a0-4356-904c-1025232fd05e" testId="f0f96e57-b2a8-0a18-2fd5-124786b36cab" testName="NestyStay.Application.Tests.PhaseOneWorkflowTests.PropertyCreationListingAndValidationRespectGuestVerificationUpsellRules" computerName="LAPTOP" duration="00:00:00.0052455" startTime="2026-08-30T17:54:56.3309298+01:00" endTime="2026-08-30T17:54:56.3361736+01:00" testType="13cdc9d9-ddb5-4fa4-a97d-d965ccfc6d4b" outcome="Passed" testListId="8c84fa94-04c1-424b-9868-57a2d4851a1d" relativeResultsDirectory="fa662704-80a0-4356-904c-1025232fd05e" />
    <UnitTestResult executionId="1d83d590-3cc1-4d89-93f6-802477a6ad67" testId="90b601c9-12cf-c674-8434-cbc24894d437" testName="NestyStay.Application.Tests.PhaseOneWorkflowTests.BookingWithGuestVerificationMovesThroughPendingApprovedAndIdempotentPaymentCapture" computerName="LAPTOP" duration="00:00:00.0528395" startTime="2026-08-30T17:54:56.2559435+01:00" endTime="2026-08-30T17:54:56.3295359+01:00" testType="13cdc9d9-ddb5-4fa4-a97d-d965ccfc6d4b" outcome="Passed" testListId="8c84fa94-04c1-424b-9868-57a2d4851a1d" relativeResultsDirectory="1d83d590-3cc1-4d89-93f6-802477a6ad67" />
    <UnitTestResult executionId="d2ca03b4-1221-4c04-80aa-54d2afa49787" testId="4bcc301c-db34-3b56-dec5-c7253a8ee016" testName="NestyStay.Application.Tests.PhaseOneWorkflowTests.TwoFactorChallengeIsInvalidatedAfterRepeatedBadCodes" computerName="LAPTOP" duration="00:00:00.0256639" startTime="2026-08-30T17:54:56.5213412+01:00" endTime="2026-08-30T17:54:56.5469322+01:00" testType="13cdc9d9-ddb5-4fa4-a97d-d965ccfc6d4b" outcome="Passed" testListId="8c84fa94-04c1-424b-9868-57a2d4851a1d" relativeResultsDirectory="d2ca03b4-1221-4c04-80aa-54d2afa49787" />
    <UnitTestResult executionId="12ef65b5-791b-4bac-955b-71671bcbd702" testId="fd5f7a2d-8b91-f1be-20bb-bb9d465b1cff" testName="NestyStay.Application.Tests.BlueprintTests.PricebookKeepsConflictingSpecPricingConfigurable" computerName="LAPTOP" duration="00:00:00.0014572" startTime="2026-08-30T17:54:56.2872407+01:00" endTime="2026-08-30T17:54:56.2872972+01:00" testType="13cdc9d9-ddb5-4fa4-a97d-d965ccfc6d4b" outcome="Passed" testListId="8c84fa94-04c1-424b-9868-57a2d4851a1d" relativeResultsDirectory="12ef65b5-791b-4bac-955b-71671bcbd702" />
    <UnitTestResult executionId="9380bec4-b745-4a3a-a957-438f45790d78" testId="faa828ea-678a-154e-64c5-a31ab18a8a80" testName="NestyStay.Application.Tests.PhaseTwoWorkflowTests.CommissionQuotesCoverStandardFoundingAndEdgeCases" computerName="LAPTOP" duration="00:00:00.0037470" startTime="2026-08-30T17:54:56.2911480+01:00" endTime="2026-08-30T17:54:56.2914902+01:00" testType="13cdc9d9-ddb5-4fa4-a97d-d965ccfc6d4b" outcome="Passed" testListId="8c84fa94-04c1-424b-9868-57a2d4851a1d" relativeResultsDirectory="9380bec4-b745-4a3a-a957-438f45790d78" />
    <UnitTestResult executionId="aed0e738-9378-4eda-86ee-fb19f3545034" testId="4bbbb9da-2bc8-da06-a121-2dd7c3bf3dfa" testName="NestyStay.Application.Tests.PhaseOneWorkflowTests.PaymentStateMachineRejectsInvalidRefundsAndIgnoresStaleWebhookDowngrades" computerName="LAPTOP" duration="00:00:00.0189491" startTime="2026-08-30T17:54:56.4898079+01:00" endTime="2026-08-30T17:54:56.5070939+01:00" testType="13cdc9d9-ddb5-4fa4-a97d-d965ccfc6d4b" outcome="Passed" testListId="8c84fa94-04c1-424b-9868-57a2d4851a1d" relativeResultsDirectory="aed0e738-9378-4eda-86ee-fb19f3545034" />
    <UnitTestResult executionId="33a5012a-91ab-48c4-b03c-b55750807bed" testId="d8a5cb77-7315-ae36-4dec-8fc67ec0cb88" testName="NestyStay.Application.Tests.PhaseOneWorkflowTests.NonVerificationPropertyApprovesImmediatelyAndDoesNotStartEkyc" computerName="LAPTOP" duration="00:00:00.0136741" startTime="2026-08-30T17:54:56.7042291+01:00" endTime="2026-08-30T17:54:56.7177134+01:00" testType="13cdc9d9-ddb5-4fa4-a97d-d965ccfc6d4b" outcome="Passed" testListId="8c84fa94-04c1-424b-9868-57a2d4851a1d" relativeResultsDirectory="33a5012a-91ab-48c4-b03c-b55750807bed" />
    <UnitTestResult executionId="e36a6cc1-db22-491e-aa13-42e0228e864a" testId="34a335f8-e62d-91d7-1c9f-f5ccd40a83fa" testName="NestyStay.Application.Tests.PhaseOneWorkflowTests.PendingHoldExpiryRejectsBookingReleasesDatesAndAllowsImmediateReplacement" computerName="LAPTOP" duration="00:00:00.0139845" startTime="2026-08-30T17:54:56.5074346+01:00" endTime="2026-08-30T17:54:56.5211520+01:00" testType="13cdc9d9-ddb5-4fa4-a97d-d965ccfc6d4b" outcome="Passed" testListId="8c84fa94-04c1-424b-9868-57a2d4851a1d" relativeResultsDirectory="e36a6cc1-db22-491e-aa13-42e0228e864a" />
    <UnitTestResult executionId="7b184610-b279-491e-8198-3f1508a247a3" testId="890416de-bb1c-5f9f-f3c3-eca9eab23fbb" testName="NestyStay.Application.Tests.PhaseOneWorkflowTests.RejectionFlowReleasesDatesAndPreventsPaymentOrConflictingWebhook" computerName="LAPTOP" duration="00:00:00.0148930" startTime="2026-08-30T17:54:56.4154999+01:00" endTime="2026-08-30T17:54:56.4302607+01:00" testType="13cdc9d9-ddb5-4fa4-a97d-d965ccfc6d4b" outcome="Passed" testListId="8c84fa94-04c1-424b-9868-57a2d4851a1d" relativeResultsDirectory="7b184610-b279-491e-8198-3f1508a247a3" />
    <UnitTestResult executionId="4c79508c-2c85-4f45-b699-e8157087f2b1" testId="3c1d3a0a-eb23-4a99-3f8f-b6f0d9093031" testName="NestyStay.Application.Tests.PhaseOneWorkflowTests.LoginLocksAccountAfterRepeatedInvalidPasswordAttemptsAndRecoversAfterWindow" computerName="LAPTOP" duration="00:00:00.0992574" startTime="2026-08-30T17:54:56.5471583+01:00" endTime="2026-08-30T17:54:56.6463175+01:00" testType="13cdc9d9-ddb5-4fa4-a97d-d965ccfc6d4b" outcome="Passed" testListId="8c84fa94-04c1-424b-9868-57a2d4851a1d" relativeResultsDirectory="4c79508c-2c85-4f45-b699-e8157087f2b1" />
    <UnitTestResult executionId="fd41858c-39c3-4ceb-9aa8-aebcfee84946" testId="bd8f11d2-2a3d-7feb-5088-b41ecce81acf" testName="NestyStay.Application.Tests.PhaseOneWorkflowTests.BookingQuotesAndCreationRejectInvalidUnavailableAndUnknownInputs" computerName="LAPTOP" duration="00:00:00.0148492" startTime="2026-08-30T17:54:56.4005263+01:00" endTime="2026-08-30T17:54:56.4152800+01:00" testType="13cdc9d9-ddb5-4fa4-a97d-d965ccfc6d4b" outcome="Passed" testListId="8c84fa94-04c1-424b-9868-57a2d4851a1d" relativeResultsDirectory="fd41858c-39c3-4ceb-9aa8-aebcfee84946" />
    <UnitTestResult executionId="059a1ead-b349-4d72-aa6e-1d58febff761" testId="db8e7e16-da83-c4c0-4b55-bfed8c85633f" testName="NestyStay.Application.Tests.PhaseTwoWorkflowTests.FoundingBenefitsResolveDiscountsTransfersAndPreventInvalidClaims" computerName="LAPTOP" duration="00:00:00.0037201" startTime="2026-08-30T17:54:56.2916666+01:00" endTime="2026-08-30T17:54:56.2953250+01:00" testType="13cdc9d9-ddb5-4fa4-a97d-d965ccfc6d4b" outcome="Passed" testListId="8c84fa94-04c1-424b-9868-57a2d4851a1d" relativeResultsDirectory="059a1ead-b349-4d72-aa6e-1d58febff761" />
    <UnitTestResult executionId="17c3765a-a00b-4876-878e-2cf9d3295d25" testId="f3e676b3-fe3a-a02b-31e0-535f36aa3046" testName="NestyStay.Application.Tests.BlueprintTests.BlueprintIncludesEveryPlannedPortal" computerName="LAPTOP" duration="00:00:00.0121161" startTime="2026-08-30T17:54:56.2558887+01:00" endTime="2026-08-30T17:54:56.2749889+01:00" testType="13cdc9d9-ddb5-4fa4-a97d-d965ccfc6d4b" outcome="Passed" testListId="8c84fa94-04c1-424b-9868-57a2d4851a1d" relativeResultsDirectory="17c3765a-a00b-4876-878e-2cf9d3295d25" />
    <UnitTestResult executionId="12df6829-cadb-4f67-8b0f-7f65511820b6" testId="8b1f1b18-0443-c07f-cdda-adb6eec3a868" testName="NestyStay.Application.Tests.PhaseOneWorkflowTests.TwoFactorCanBeDisabledWithValidCurrentCode" computerName="LAPTOP" duration="00:00:00.0576316" startTime="2026-08-30T17:54:56.4305744+01:00" endTime="2026-08-30T17:54:56.4879892+01:00" testType="13cdc9d9-ddb5-4fa4-a97d-d965ccfc6d4b" outcome="Passed" testListId="8c84fa94-04c1-424b-9868-57a2d4851a1d" relativeResultsDirectory="12df6829-cadb-4f67-8b0f-7f65511820b6" />
    <UnitTestResult executionId="e3c613ca-5454-4e70-bee4-cff345f0b5e7" testId="1ab1c4b8-b380-2c60-992c-ac6442a2ff17" testName="NestyStay.Application.Tests.PhaseTwoWorkflowTests.BadgeMaintenanceAutomaticallyExpiresElapsedAssignmentsAndSurfacesRenewals" computerName="LAPTOP" duration="00:00:00.0078088" startTime="2026-08-30T17:54:56.2899036+01:00" endTime="2026-08-30T17:54:56.2910283+01:00" testType="13cdc9d9-ddb5-4fa4-a97d-d965ccfc6d4b" outcome="Passed" testListId="8c84fa94-04c1-424b-9868-57a2d4851a1d" relativeResultsDirectory="e3c613ca-5454-4e70-bee4-cff345f0b5e7" />
    <UnitTestResult executionId="712356e2-6cd4-4918-a7a0-82b047aa96c4" testId="1d3db60f-4dd7-4313-1ba5-1c206c8aeac7" testName="NestyStay.Application.Tests.PhaseOneWorkflowTests.LoginAndTwoFactorRejectWrongUnknownExpiredInvalidAndReusedChallenges" computerName="LAPTOP" duration="00:00:00.0573914" startTime="2026-08-30T17:54:56.6465729+01:00" endTime="2026-08-30T17:54:56.7039417+01:00" testType="13cdc9d9-ddb5-4fa4-a97d-d965ccfc6d4b" outcome="Passed" testListId="8c84fa94-04c1-424b-9868-57a2d4851a1d" relativeResultsDirectory="712356e2-6cd4-4918-a7a0-82b047aa96c4" />
    <UnitTestResult executionId="ecf0b6e8-0b25-4789-a42c-4d6228f3a315" testId="21f1788e-dff5-bab8-0612-4c1ca22388f6" testName="NestyStay.Application.Tests.PhaseTwoWorkflowTests.HostsDefaultToFreeFeaturesAndEligibilityControlsBadgeProgression" computerName="LAPTOP" duration="00:00:00.0033088" startTime="2026-08-30T17:54:56.2955701+01:00" endTime="2026-08-30T17:54:56.2986963+01:00" testType="13cdc9d9-ddb5-4fa4-a97d-d965ccfc6d4b" outcome="Passed" testListId="8c84fa94-04c1-424b-9868-57a2d4851a1d" relativeResultsDirectory="ecf0b6e8-0b25-4789-a42c-4d6228f3a315" />
    <UnitTestResult executionId="4b5ff7fb-f9c4-442d-b76c-a18a25ee01fb" testId="4bd89f0a-9310-54a0-8ba1-944e6719bf00" testName="NestyStay.Application.Tests.PhaseTwoWorkflowTests.CampaignPricingRequiresEligibilityAndValidActiveCampaigns" computerName="LAPTOP" duration="00:00:00.0198647" startTime="2026-08-30T17:54:56.2540252+01:00" endTime="2026-08-30T17:54:56.2896837+01:00" testType="13cdc9d9-ddb5-4fa4-a97d-d965ccfc6d4b" outcome="Passed" testListId="8c84fa94-04c1-424b-9868-57a2d4851a1d" relativeResultsDirectory="4b5ff7fb-f9c4-442d-b76c-a18a25ee01fb" />
    <UnitTestResult executionId="1e283e7f-0940-40c0-a79f-b60ee90fa545" testId="a560fe99-0057-e6b2-a91b-0c0505569803" testName="NestyStay.Application.Tests.PhaseTwoWorkflowTests.BadgePaymentsDuplicatesRenewalsExpiryAndSuspensionKeepFeatureAccessConsistent" computerName="LAPTOP" duration="00:00:00.0096087" startTime="2026-08-30T17:54:56.3287703+01:00" endTime="2026-08-30T17:54:56.3288743+01:00" testType="13cdc9d9-ddb5-4fa4-a97d-d965ccfc6d4b" outcome="Passed" testListId="8c84fa94-04c1-424b-9868-57a2d4851a1d" relativeResultsDirectory="1e283e7f-0940-40c0-a79f-b60ee90fa545" />
    <UnitTestResult executionId="8c1777d1-9f55-4121-81a3-c9d229637157" testId="632ffaee-b73c-8a39-17d2-8fad45a82b0d" testName="NestyStay.Application.Tests.BlueprintTests.BookingFlowKeepsPaymentAfterApproval" computerName="LAPTOP" duration="00:00:00.0010219" startTime="2026-08-30T17:54:56.2881026+01:00" endTime="2026-08-30T17:54:56.2881418+01:00" testType="13cdc9d9-ddb5-4fa4-a97d-d965ccfc6d4b" outcome="Passed" testListId="8c84fa94-04c1-424b-9868-57a2d4851a1d" relativeResultsDirectory="8c1777d1-9f55-4121-81a3-c9d229637157" />
    <UnitTestResult executionId="23aafddd-012a-4035-9cbe-c64d96caf59d" testId="3933a355-7848-239e-177c-70fe8d5c9501" testName="NestyStay.Application.Tests.PhaseOneWorkflowTests.RegistrationRejectsInvalidDuplicateAndWeakInputsAndStoresPasswordHash" computerName="LAPTOP" duration="00:00:00.0178741" startTime="2026-08-30T17:54:56.3296658+01:00" endTime="2026-08-30T17:54:56.3308113+01:00" testType="13cdc9d9-ddb5-4fa4-a97d-d965ccfc6d4b" outcome="Passed" testListId="8c84fa94-04c1-424b-9868-57a2d4851a1d" relativeResultsDirectory="23aafddd-012a-4035-9cbe-c64d96caf59d" />
    <UnitTestResult executionId="b93ff3f8-1818-4f34-98bd-6162a1583a28" testId="d7a46d98-7f70-a10a-8d6d-904a47febfeb" testName="NestyStay.Application.Tests.PhaseOneWorkflowTests.TwoFactorRejectsReplayedTotpCounterAcrossChallenges" computerName="LAPTOP" duration="00:00:00.0640414" startTime="2026-08-30T17:54:56.3364607+01:00" endTime="2026-08-30T17:54:56.4002818+01:00" testType="13cdc9d9-ddb5-4fa4-a97d-d965ccfc6d4b" outcome="Passed" testListId="8c84fa94-04c1-424b-9868-57a2d4851a1d" relativeResultsDirectory="b93ff3f8-1818-4f34-98bd-6162a1583a28" />
    <UnitTestResult executionId="0405db8f-93cd-4b93-8a95-07ad9944beb9" testId="476568b6-5c15-0e7b-4454-49f7c6f12ca6" testName="NestyStay.Application.Tests.PhaseTwoWorkflowTests.PricebookContainsExpectedKeysAndRejectsInvalidUpdates" computerName="LAPTOP" duration="00:00:00.0053165" startTime="2026-08-30T17:54:56.3294747+01:00" endTime="2026-08-30T17:54:56.3297010+01:00" testType="13cdc9d9-ddb5-4fa4-a97d-d965ccfc6d4b" outcome="Passed" testListId="8c84fa94-04c1-424b-9868-57a2d4851a1d" relativeResultsDirectory="0405db8f-93cd-4b93-8a95-07ad9944beb9" />
  </Results>
  <TestDefinitions>
    <UnitTest name="NestyStay.Application.Tests.PhaseOneWorkflowTests.PendingHoldExpiryRejectsBookingReleasesDatesAndAllowsImmediateReplacement" storage="c:\users\administrator\desktop\nestystayplatform\backend\tests\nestystay.application.tests\bin\debug\net10.0\nestystay.application.tests.dll" id="34a335f8-e62d-91d7-1c9f-f5ccd40a83fa">
      <Execution id="e36a6cc1-db22-491e-aa13-42e0228e864a" />
      <TestMethod codeBase="C:\Users\Administrator\Desktop\nestystayPLATFORM\backend\tests\NestyStay.Application.Tests\bin\Debug\net10.0\NestyStay.Application.Tests.dll" adapterTypeName="executor://xunit/VsTestRunner3/netcore/" className="NestyStay.Application.Tests.PhaseOneWorkflowTests" name="PendingHoldExpiryRejectsBookingReleasesDatesAndAllowsImmediateReplacement" />
    </UnitTest>
    <UnitTest name="NestyStay.Application.Tests.PhaseTwoWorkflowTests.CampaignPricingRequiresEligibilityAndValidActiveCampaigns" storage="c:\users\administrator\desktop\nestystayplatform\backend\tests\nestystay.application.tests\bin\debug\net10.0\nestystay.application.tests.dll" id="4bd89f0a-9310-54a0-8ba1-944e6719bf00">
      <Execution id="4b5ff7fb-f9c4-442d-b76c-a18a25ee01fb" />
      <TestMethod codeBase="C:\Users\Administrator\Desktop\nestystayPLATFORM\backend\tests\NestyStay.Application.Tests\bin\Debug\net10.0\NestyStay.Application.Tests.dll" adapterTypeName="executor://xunit/VsTestRunner3/netcore/" className="NestyStay.Application.Tests.PhaseTwoWorkflowTests" name="CampaignPricingRequiresEligibilityAndValidActiveCampaigns" />
    </UnitTest>
    <UnitTest name="NestyStay.Application.Tests.PhaseOneWorkflowTests.PropertyCreationListingAndValidationRespectGuestVerificationUpsellRules" storage="c:\users\administrator\desktop\nestystayplatform\backend\tests\nestystay.application.tests\bin\debug\net10.0\nestystay.application.tests.dll" id="f0f96e57-b2a8-0a18-2fd5-124786b36cab">
      <Execution id="fa662704-80a0-4356-904c-1025232fd05e" />
      <TestMethod codeBase="C:\Users\Administrator\Desktop\nestystayPLATFORM\backend\tests\NestyStay.Application.Tests\bin\Debug\net10.0\NestyStay.Application.Tests.dll" adapterTypeName="executor://xunit/VsTestRunner3/netcore/" className="NestyStay.Application.Tests.PhaseOneWorkflowTests" name="PropertyCreationListingAndValidationRespectGuestVerificationUpsellRules" />
    </UnitTest>
    <UnitTest name="NestyStay.Application.Tests.PhaseTwoWorkflowTests.BadgePaymentsDuplicatesRenewalsExpiryAndSuspensionKeepFeatureAccessConsistent" storage="c:\users\administrator\desktop\nestystayplatform\backend\tests\nestystay.application.tests\bin\debug\net10.0\nestystay.application.tests.dll" id="a560fe99-0057-e6b2-a91b-0c0505569803">
      <Execution id="1e283e7f-0940-40c0-a79f-b60ee90fa545" />
      <TestMethod codeBase="C:\Users\Administrator\Desktop\nestystayPLATFORM\backend\tests\NestyStay.Application.Tests\bin\Debug\net10.0\NestyStay.Application.Tests.dll" adapterTypeName="executor://xunit/VsTestRunner3/netcore/" className="NestyStay.Application.Tests.PhaseTwoWorkflowTests" name="BadgePaymentsDuplicatesRenewalsExpiryAndSuspensionKeepFeatureAccessConsistent" />
    </UnitTest>
    <UnitTest name="NestyStay.Application.Tests.PhaseTwoWorkflowTests.FoundingBenefitsResolveDiscountsTransfersAndPreventInvalidClaims" storage="c:\users\administrator\desktop\nestystayplatform\backend\tests\nestystay.application.tests\bin\debug\net10.0\nestystay.application.tests.dll" id="db8e7e16-da83-c4c0-4b55-bfed8c85633f">
      <Execution id="059a1ead-b349-4d72-aa6e-1d58febff761" />
      <TestMethod codeBase="C:\Users\Administrator\Desktop\nestystayPLATFORM\backend\tests\NestyStay.Application.Tests\bin\Debug\net10.0\NestyStay.Application.Tests.dll" adapterTypeName="executor://xunit/VsTestRunner3/netcore/" className="NestyStay.Application.Tests.PhaseTwoWorkflowTests" name="FoundingBenefitsResolveDiscountsTransfersAndPreventInvalidClaims" />
    </UnitTest>
    <UnitTest name="NestyStay.Application.Tests.PhaseOneWorkflowTests.PaymentStateMachineRejectsInvalidRefundsAndIgnoresStaleWebhookDowngrades" storage="c:\users\administrator\desktop\nestystayplatform\backend\tests\nestystay.application.tests\bin\debug\net10.0\nestystay.application.tests.dll" id="4bbbb9da-2bc8-da06-a121-2dd7c3bf3dfa">
      <Execution id="aed0e738-9378-4eda-86ee-fb19f3545034" />
      <TestMethod codeBase="C:\Users\Administrator\Desktop\nestystayPLATFORM\backend\tests\NestyStay.Application.Tests\bin\Debug\net10.0\NestyStay.Application.Tests.dll" adapterTypeName="executor://xunit/VsTestRunner3/netcore/" className="NestyStay.Application.Tests.PhaseOneWorkflowTests" name="PaymentStateMachineRejectsInvalidRefundsAndIgnoresStaleWebhookDowngrades" />
    </UnitTest>
    <UnitTest name="NestyStay.Application.Tests.PhaseOneWorkflowTests.NonVerificationPropertyApprovesImmediatelyAndDoesNotStartEkyc" storage="c:\users\administrator\desktop\nestystayplatform\backend\tests\nestystay.application.tests\bin\debug\net10.0\nestystay.application.tests.dll" id="d8a5cb77-7315-ae36-4dec-8fc67ec0cb88">
      <Execution id="33a5012a-91ab-48c4-b03c-b55750807bed" />
      <TestMethod codeBase="C:\Users\Administrator\Desktop\nestystayPLATFORM\backend\tests\NestyStay.Application.Tests\bin\Debug\net10.0\NestyStay.Application.Tests.dll" adapterTypeName="executor://xunit/VsTestRunner3/netcore/" className="NestyStay.Application.Tests.PhaseOneWorkflowTests" name="NonVerificationPropertyApprovesImmediatelyAndDoesNotStartEkyc" />
    </UnitTest>
    <UnitTest name="NestyStay.Application.Tests.BlueprintTests.PricebookKeepsConflictingSpecPricingConfigurable" storage="c:\users\administrator\desktop\nestystayplatform\backend\tests\nestystay.application.tests\bin\debug\net10.0\nestystay.application.tests.dll" id="fd5f7a2d-8b91-f1be-20bb-bb9d465b1cff">
      <Execution id="12ef65b5-791b-4bac-955b-71671bcbd702" />
      <TestMethod codeBase="C:\Users\Administrator\Desktop\nestystayPLATFORM\backend\tests\NestyStay.Application.Tests\bin\Debug\net10.0\NestyStay.Application.Tests.dll" adapterTypeName="executor://xunit/VsTestRunner3/netcore/" className="NestyStay.Application.Tests.BlueprintTests" name="PricebookKeepsConflictingSpecPricingConfigurable" />
    </UnitTest>
    <UnitTest name="NestyStay.Application.Tests.PhaseOneWorkflowTests.TwoFactorChallengeIsInvalidatedAfterRepeatedBadCodes" storage="c:\users\administrator\desktop\nestystayplatform\backend\tests\nestystay.application.tests\bin\debug\net10.0\nestystay.application.tests.dll" id="4bcc301c-db34-3b56-dec5-c7253a8ee016">
      <Execution id="d2ca03b4-1221-4c04-80aa-54d2afa49787" />
      <TestMethod codeBase="C:\Users\Administrator\Desktop\nestystayPLATFORM\backend\tests\NestyStay.Application.Tests\bin\Debug\net10.0\NestyStay.Application.Tests.dll" adapterTypeName="executor://xunit/VsTestRunner3/netcore/" className="NestyStay.Application.Tests.PhaseOneWorkflowTests" name="TwoFactorChallengeIsInvalidatedAfterRepeatedBadCodes" />
    </UnitTest>
    <UnitTest name="NestyStay.Application.Tests.PhaseOneWorkflowTests.TwoFactorRejectsReplayedTotpCounterAcrossChallenges" storage="c:\users\administrator\desktop\nestystayplatform\backend\tests\nestystay.application.tests\bin\debug\net10.0\nestystay.application.tests.dll" id="d7a46d98-7f70-a10a-8d6d-904a47febfeb">
      <Execution id="b93ff3f8-1818-4f34-98bd-6162a1583a28" />
      <TestMethod codeBase="C:\Users\Administrator\Desktop\nestystayPLATFORM\backend\tests\NestyStay.Application.Tests\bin\Debug\net10.0\NestyStay.Application.Tests.dll" adapterTypeName="executor://xunit/VsTestRunner3/netcore/" className="NestyStay.Application.Tests.PhaseOneWorkflowTests" name="TwoFactorRejectsReplayedTotpCounterAcrossChallenges" />
    </UnitTest>
    <UnitTest name="NestyStay.Application.Tests.BlueprintTests.BlueprintIncludesEveryPlannedPortal" storage="c:\users\administrator\desktop\nestystayplatform\backend\tests\nestystay.application.tests\bin\debug\net10.0\nestystay.application.tests.dll" id="f3e676b3-fe3a-a02b-31e0-535f36aa3046">
      <Execution id="17c3765a-a00b-4876-878e-2cf9d3295d25" />
      <TestMethod codeBase="C:\Users\Administrator\Desktop\nestystayPLATFORM\backend\tests\NestyStay.Application.Tests\bin\Debug\net10.0\NestyStay.Application.Tests.dll" adapterTypeName="executor://xunit/VsTestRunner3/netcore/" className="NestyStay.Application.Tests.BlueprintTests" name="BlueprintIncludesEveryPlannedPortal" />
    </UnitTest>
    <UnitTest name="NestyStay.Application.Tests.PhaseOneWorkflowTests.LoginLocksAccountAfterRepeatedInvalidPasswordAttemptsAndRecoversAfterWindow" storage="c:\users\administrator\desktop\nestystayplatform\backend\tests\nestystay.application.tests\bin\debug\net10.0\nestystay.application.tests.dll" id="3c1d3a0a-eb23-4a99-3f8f-b6f0d9093031">
      <Execution id="4c79508c-2c85-4f45-b699-e8157087f2b1" />
      <TestMethod codeBase="C:\Users\Administrator\Desktop\nestystayPLATFORM\backend\tests\NestyStay.Application.Tests\bin\Debug\net10.0\NestyStay.Application.Tests.dll" adapterTypeName="executor://xunit/VsTestRunner3/netcore/" className="NestyStay.Application.Tests.PhaseOneWorkflowTests" name="LoginLocksAccountAfterRepeatedInvalidPasswordAttemptsAndRecoversAfterWindow" />
    </UnitTest>
    <UnitTest name="NestyStay.Application.Tests.PhaseOneWorkflowTests.BookingQuotesAndCreationRejectInvalidUnavailableAndUnknownInputs" storage="c:\users\administrator\desktop\nestystayplatform\backend\tests\nestystay.application.tests\bin\debug\net10.0\nestystay.application.tests.dll" id="bd8f11d2-2a3d-7feb-5088-b41ecce81acf">
      <Execution id="fd41858c-39c3-4ceb-9aa8-aebcfee84946" />
      <TestMethod codeBase="C:\Users\Administrator\Desktop\nestystayPLATFORM\backend\tests\NestyStay.Application.Tests\bin\Debug\net10.0\NestyStay.Application.Tests.dll" adapterTypeName="executor://xunit/VsTestRunner3/netcore/" className="NestyStay.Application.Tests.PhaseOneWorkflowTests" name="BookingQuotesAndCreationRejectInvalidUnavailableAndUnknownInputs" />
    </UnitTest>
    <UnitTest name="NestyStay.Application.Tests.PhaseOneWorkflowTests.TwoFactorCanBeDisabledWithValidCurrentCode" storage="c:\users\administrator\desktop\nestystayplatform\backend\tests\nestystay.application.tests\bin\debug\net10.0\nestystay.application.tests.dll" id="8b1f1b18-0443-c07f-cdda-adb6eec3a868">
      <Execution id="12df6829-cadb-4f67-8b0f-7f65511820b6" />
      <TestMethod codeBase="C:\Users\Administrator\Desktop\nestystayPLATFORM\backend\tests\NestyStay.Application.Tests\bin\Debug\net10.0\NestyStay.Application.Tests.dll" adapterTypeName="executor://xunit/VsTestRunner3/netcore/" className="NestyStay.Application.Tests.PhaseOneWorkflowTests" name="TwoFactorCanBeDisabledWithValidCurrentCode" />
    </UnitTest>
    <UnitTest name="NestyStay.Application.Tests.PhaseTwoWorkflowTests.BadgeMaintenanceAutomaticallyExpiresElapsedAssignmentsAndSurfacesRenewals" storage="c:\users\administrator\desktop\nestystayplatform\backend\tests\nestystay.application.tests\bin\debug\net10.0\nestystay.application.tests.dll" id="1ab1c4b8-b380-2c60-992c-ac6442a2ff17">
      <Execution id="e3c613ca-5454-4e70-bee4-cff345f0b5e7" />
      <TestMethod codeBase="C:\Users\Administrator\Desktop\nestystayPLATFORM\backend\tests\NestyStay.Application.Tests\bin\Debug\net10.0\NestyStay.Application.Tests.dll" adapterTypeName="executor://xunit/VsTestRunner3/netcore/" className="NestyStay.Application.Tests.PhaseTwoWorkflowTests" name="BadgeMaintenanceAutomaticallyExpiresElapsedAssignmentsAndSurfacesRenewals" />
    </UnitTest>
    <UnitTest name="NestyStay.Application.Tests.PhaseOneWorkflowTests.RegistrationRejectsInvalidDuplicateAndWeakInputsAndStoresPasswordHash" storage="c:\users\administrator\desktop\nestystayplatform\backend\tests\nestystay.application.tests\bin\debug\net10.0\nestystay.application.tests.dll" id="3933a355-7848-239e-177c-70fe8d5c9501">
      <Execution id="23aafddd-012a-4035-9cbe-c64d96caf59d" />
      <TestMethod codeBase="C:\Users\Administrator\Desktop\nestystayPLATFORM\backend\tests\NestyStay.Application.Tests\bin\Debug\net10.0\NestyStay.Application.Tests.dll" adapterTypeName="executor://xunit/VsTestRunner3/netcore/" className="NestyStay.Application.Tests.PhaseOneWorkflowTests" name="RegistrationRejectsInvalidDuplicateAndWeakInputsAndStoresPasswordHash" />
    </UnitTest>
    <UnitTest name="NestyStay.Application.Tests.PhaseTwoWorkflowTests.CommissionQuotesCoverStandardFoundingAndEdgeCases" storage="c:\users\administrator\desktop\nestystayplatform\backend\tests\nestystay.application.tests\bin\debug\net10.0\nestystay.application.tests.dll" id="faa828ea-678a-154e-64c5-a31ab18a8a80">
      <Execution id="9380bec4-b745-4a3a-a957-438f45790d78" />
      <TestMethod codeBase="C:\Users\Administrator\Desktop\nestystayPLATFORM\backend\tests\NestyStay.Application.Tests\bin\Debug\net10.0\NestyStay.Application.Tests.dll" adapterTypeName="executor://xunit/VsTestRunner3/netcore/" className="NestyStay.Application.Tests.PhaseTwoWorkflowTests" name="CommissionQuotesCoverStandardFoundingAndEdgeCases" />
    </UnitTest>
    <UnitTest name="NestyStay.Application.Tests.PhaseOneWorkflowTests.LoginAndTwoFactorRejectWrongUnknownExpiredInvalidAndReusedChallenges" storage="c:\users\administrator\desktop\nestystayplatform\backend\tests\nestystay.application.tests\bin\debug\net10.0\nestystay.application.tests.dll" id="1d3db60f-4dd7-4313-1ba5-1c206c8aeac7">
      <Execution id="712356e2-6cd4-4918-a7a0-82b047aa96c4" />
      <TestMethod codeBase="C:\Users\Administrator\Desktop\nestystayPLATFORM\backend\tests\NestyStay.Application.Tests\bin\Debug\net10.0\NestyStay.Application.Tests.dll" adapterTypeName="executor://xunit/VsTestRunner3/netcore/" className="NestyStay.Application.Tests.PhaseOneWorkflowTests" name="LoginAndTwoFactorRejectWrongUnknownExpiredInvalidAndReusedChallenges" />
    </UnitTest>
    <UnitTest name="NestyStay.Application.Tests.PhaseTwoWorkflowTests.HostsDefaultToFreeFeaturesAndEligibilityControlsBadgeProgression" storage="c:\users\administrator\desktop\nestystayplatform\backend\tests\nestystay.application.tests\bin\debug\net10.0\nestystay.application.tests.dll" id="21f1788e-dff5-bab8-0612-4c1ca22388f6">
      <Execution id="ecf0b6e8-0b25-4789-a42c-4d6228f3a315" />
      <TestMethod codeBase="C:\Users\Administrator\Desktop\nestystayPLATFORM\backend\tests\NestyStay.Application.Tests\bin\Debug\net10.0\NestyStay.Application.Tests.dll" adapterTypeName="executor://xunit/VsTestRunner3/netcore/" className="NestyStay.Application.Tests.PhaseTwoWorkflowTests" name="HostsDefaultToFreeFeaturesAndEligibilityControlsBadgeProgression" />
    </UnitTest>
    <UnitTest name="NestyStay.Application.Tests.PhaseTwoWorkflowTests.PricebookContainsExpectedKeysAndRejectsInvalidUpdates" storage="c:\users\administrator\desktop\nestystayplatform\backend\tests\nestystay.application.tests\bin\debug\net10.0\nestystay.application.tests.dll" id="476568b6-5c15-0e7b-4454-49f7c6f12ca6">
      <Execution id="0405db8f-93cd-4b93-8a95-07ad9944beb9" />
      <TestMethod codeBase="C:\Users\Administrator\Desktop\nestystayPLATFORM\backend\tests\NestyStay.Application.Tests\bin\Debug\net10.0\NestyStay.Application.Tests.dll" adapterTypeName="executor://xunit/VsTestRunner3/netcore/" className="NestyStay.Application.Tests.PhaseTwoWorkflowTests" name="PricebookContainsExpectedKeysAndRejectsInvalidUpdates" />
    </UnitTest>
    <UnitTest name="NestyStay.Application.Tests.BlueprintTests.BookingFlowKeepsPaymentAfterApproval" storage="c:\users\administrator\desktop\nestystayplatform\backend\tests\nestystay.application.tests\bin\debug\net10.0\nestystay.application.tests.dll" id="632ffaee-b73c-8a39-17d2-8fad45a82b0d">
      <Execution id="8c1777d1-9f55-4121-81a3-c9d229637157" />
      <TestMethod codeBase="C:\Users\Administrator\Desktop\nestystayPLATFORM\backend\tests\NestyStay.Application.Tests\bin\Debug\net10.0\NestyStay.Application.Tests.dll" adapterTypeName="executor://xunit/VsTestRunner3/netcore/" className="NestyStay.Application.Tests.BlueprintTests" name="BookingFlowKeepsPaymentAfterApproval" />
    </UnitTest>
    <UnitTest name="NestyStay.Application.Tests.PhaseOneWorkflowTests.BookingWithGuestVerificationMovesThroughPendingApprovedAndIdempotentPaymentCapture" storage="c:\users\administrator\desktop\nestystayplatform\backend\tests\nestystay.application.tests\bin\debug\net10.0\nestystay.application.tests.dll" id="90b601c9-12cf-c674-8434-cbc24894d437">
      <Execution id="1d83d590-3cc1-4d89-93f6-802477a6ad67" />
      <TestMethod codeBase="C:\Users\Administrator\Desktop\nestystayPLATFORM\backend\tests\NestyStay.Application.Tests\bin\Debug\net10.0\NestyStay.Application.Tests.dll" adapterTypeName="executor://xunit/VsTestRunner3/netcore/" className="NestyStay.Application.Tests.PhaseOneWorkflowTests" name="BookingWithGuestVerificationMovesThroughPendingApprovedAndIdempotentPaymentCapture" />
    </UnitTest>
    <UnitTest name="NestyStay.Application.Tests.PhaseOneWorkflowTests.RejectionFlowReleasesDatesAndPreventsPaymentOrConflictingWebhook" storage="c:\users\administrator\desktop\nestystayplatform\backend\tests\nestystay.application.tests\bin\debug\net10.0\nestystay.application.tests.dll" id="890416de-bb1c-5f9f-f3c3-eca9eab23fbb">
      <Execution id="7b184610-b279-491e-8198-3f1508a247a3" />
      <TestMethod codeBase="C:\Users\Administrator\Desktop\nestystayPLATFORM\backend\tests\NestyStay.Application.Tests\bin\Debug\net10.0\NestyStay.Application.Tests.dll" adapterTypeName="executor://xunit/VsTestRunner3/netcore/" className="NestyStay.Application.Tests.PhaseOneWorkflowTests" name="RejectionFlowReleasesDatesAndPreventsPaymentOrConflictingWebhook" />
    </UnitTest>
  </TestDefinitions>
  <TestEntries>
    <TestEntry testId="f0f96e57-b2a8-0a18-2fd5-124786b36cab" executionId="fa662704-80a0-4356-904c-1025232fd05e" testListId="8c84fa94-04c1-424b-9868-57a2d4851a1d" />
    <TestEntry testId="90b601c9-12cf-c674-8434-cbc24894d437" executionId="1d83d590-3cc1-4d89-93f6-802477a6ad67" testListId="8c84fa94-04c1-424b-9868-57a2d4851a1d" />
    <TestEntry testId="4bcc301c-db34-3b56-dec5-c7253a8ee016" executionId="d2ca03b4-1221-4c04-80aa-54d2afa49787" testListId="8c84fa94-04c1-424b-9868-57a2d4851a1d" />
    <TestEntry testId="fd5f7a2d-8b91-f1be-20bb-bb9d465b1cff" executionId="12ef65b5-791b-4bac-955b-71671bcbd702" testListId="8c84fa94-04c1-424b-9868-57a2d4851a1d" />
    <TestEntry testId="faa828ea-678a-154e-64c5-a31ab18a8a80" executionId="9380bec4-b745-4a3a-a957-438f45790d78" testListId="8c84fa94-04c1-424b-9868-57a2d4851a1d" />
    <TestEntry testId="4bbbb9da-2bc8-da06-a121-2dd7c3bf3dfa" executionId="aed0e738-9378-4eda-86ee-fb19f3545034" testListId="8c84fa94-04c1-424b-9868-57a2d4851a1d" />
    <TestEntry testId="d8a5cb77-7315-ae36-4dec-8fc67ec0cb88" executionId="33a5012a-91ab-48c4-b03c-b55750807bed" testListId="8c84fa94-04c1-424b-9868-57a2d4851a1d" />
    <TestEntry testId="34a335f8-e62d-91d7-1c9f-f5ccd40a83fa" executionId="e36a6cc1-db22-491e-aa13-42e0228e864a" testListId="8c84fa94-04c1-424b-9868-57a2d4851a1d" />
    <TestEntry testId="890416de-bb1c-5f9f-f3c3-eca9eab23fbb" executionId="7b184610-b279-491e-8198-3f1508a247a3" testListId="8c84fa94-04c1-424b-9868-57a2d4851a1d" />
    <TestEntry testId="3c1d3a0a-eb23-4a99-3f8f-b6f0d9093031" executionId="4c79508c-2c85-4f45-b699-e8157087f2b1" testListId="8c84fa94-04c1-424b-9868-57a2d4851a1d" />
    <TestEntry testId="bd8f11d2-2a3d-7feb-5088-b41ecce81acf" executionId="fd41858c-39c3-4ceb-9aa8-aebcfee84946" testListId="8c84fa94-04c1-424b-9868-57a2d4851a1d" />
    <TestEntry testId="db8e7e16-da83-c4c0-4b55-bfed8c85633f" executionId="059a1ead-b349-4d72-aa6e-1d58febff761" testListId="8c84fa94-04c1-424b-9868-57a2d4851a1d" />
    <TestEntry testId="f3e676b3-fe3a-a02b-31e0-535f36aa3046" executionId="17c3765a-a00b-4876-878e-2cf9d3295d25" testListId="8c84fa94-04c1-424b-9868-57a2d4851a1d" />
    <TestEntry testId="8b1f1b18-0443-c07f-cdda-adb6eec3a868" executionId="12df6829-cadb-4f67-8b0f-7f65511820b6" testListId="8c84fa94-04c1-424b-9868-57a2d4851a1d" />
    <TestEntry testId="1ab1c4b8-b380-2c60-992c-ac6442a2ff17" executionId="e3c613ca-5454-4e70-bee4-cff345f0b5e7" testListId="8c84fa94-04c1-424b-9868-57a2d4851a1d" />
    <TestEntry testId="1d3db60f-4dd7-4313-1ba5-1c206c8aeac7" executionId="712356e2-6cd4-4918-a7a0-82b047aa96c4" testListId="8c84fa94-04c1-424b-9868-57a2d4851a1d" />
    <TestEntry testId="21f1788e-dff5-bab8-0612-4c1ca22388f6" executionId="ecf0b6e8-0b25-4789-a42c-4d6228f3a315" testListId="8c84fa94-04c1-424b-9868-57a2d4851a1d" />
    <TestEntry testId="4bd89f0a-9310-54a0-8ba1-944e6719bf00" executionId="4b5ff7fb-f9c4-442d-b76c-a18a25ee01fb" testListId="8c84fa94-04c1-424b-9868-57a2d4851a1d" />
    <TestEntry testId="a560fe99-0057-e6b2-a91b-0c0505569803" executionId="1e283e7f-0940-40c0-a79f-b60ee90fa545" testListId="8c84fa94-04c1-424b-9868-57a2d4851a1d" />
    <TestEntry testId="632ffaee-b73c-8a39-17d2-8fad45a82b0d" executionId="8c1777d1-9f55-4121-81a3-c9d229637157" testListId="8c84fa94-04c1-424b-9868-57a2d4851a1d" />
    <TestEntry testId="3933a355-7848-239e-177c-70fe8d5c9501" executionId="23aafddd-012a-4035-9cbe-c64d96caf59d" testListId="8c84fa94-04c1-424b-9868-57a2d4851a1d" />
    <TestEntry testId="d7a46d98-7f70-a10a-8d6d-904a47febfeb" executionId="b93ff3f8-1818-4f34-98bd-6162a1583a28" testListId="8c84fa94-04c1-424b-9868-57a2d4851a1d" />
    <TestEntry testId="476568b6-5c15-0e7b-4454-49f7c6f12ca6" executionId="0405db8f-93cd-4b93-8a95-07ad9944beb9" testListId="8c84fa94-04c1-424b-9868-57a2d4851a1d" />
  </TestEntries>
  <TestLists>
    <TestList name="Results Not in a List" id="8c84fa94-04c1-424b-9868-57a2d4851a1d" />
    <TestList name="All Loaded Results" id="19431567-8539-422a-85d7-44ee4e166bda" />
  </TestLists>
  <ResultSummary outcome="Completed">
    <Counters total="23" executed="23" passed="23" failed="0" error="0" timeout="0" aborted="0" inconclusive="0" passedButRunAborted="0" notRunnable="0" notExecuted="0" disconnected="0" warning="0" completed="0" inProgress="0" pending="0" />
    <Output>
      <StdOut>[xUnit.net 00:00:00.00] xUnit.net VSTest Adapter v3.1.5+1b188a7b0a (64-bit .NET 10.0.10)&#xD;
[xUnit.net 00:00:00.07]   Discovering: NestyStay.Application.Tests&#xD;
[xUnit.net 00:00:00.11]   Discovered:  NestyStay.Application.Tests&#xD;
[xUnit.net 00:00:00.14]   Starting:    NestyStay.Application.Tests&#xD;
[xUnit.net 00:00:00.63]   Finished:    NestyStay.Application.Tests&#xD;
</StdOut>
    </Output>
  </ResultSummary>
</TestRun>