<?xml version="1.0" encoding="utf-8"?>
<TestRun id="9b0f7a99-1553-4fee-8a8a-3c2b0389f796" name="Administrator@LAPTOP 2026-08-30 17:54:57" runUser="LAPTOP\Administrator" xmlns="http://microsoft.com/schemas/VisualStudio/TeamTest/2010">
  <Times creation="2026-08-30T17:54:57.6091396+01:00" queuing="2026-08-30T17:54:57.6091398+01:00" start="2026-08-30T17:54:55.6656421+01:00" finish="2026-08-30T17:54:58.2143316+01:00" />
  <TestSettings name="default" id="4d6084a8-83fd-4e9a-8d43-97c586721616">
    <Deployment runDeploymentRoot="Administrator_LAPTOP_2026-08-30_17_54_57" />
  </TestSettings>
  <Results>
    <UnitTestResult executionId="093b0c9c-c1fa-4524-9cd8-508e798f0ffb" testId="2a432f71-ebe0-496a-2ea8-8e169559cefc" testName="NestyStay.Infrastructure.Tests.MilestonePersistenceTests.PhaseOneStorePersistsStateMachineConflictsAndIgnoresStaleWebhookDowngrades" computerName="LAPTOP" duration="00:00:01.4603815" startTime="2026-08-30T17:54:56.2392086+01:00" endTime="2026-08-30T17:54:57.7060533+01:00" testType="13cdc9d9-ddb5-4fa4-a97d-d965ccfc6d4b" outcome="Passed" testListId="8c84fa94-04c1-424b-9868-57a2d4851a1d" relativeResultsDirectory="093b0c9c-c1fa-4524-9cd8-508e798f0ffb" />
    <UnitTestResult executionId="1c568960-985b-441b-9ef0-4e9be48dc71b" testId="870f371a-6018-b447-460f-af411554f6d6" testName="NestyStay.Infrastructure.Tests.MilestonePersistenceTests.PhaseTwoStorePersistsPricebookAssignmentsRenewalsCampaignsAndFoundingBenefits" computerName="LAPTOP" duration="00:00:00.2389839" startTime="2026-08-30T17:54:57.8801248+01:00" endTime="2026-08-30T17:54:58.1190895+01:00" testType="13cdc9d9-ddb5-4fa4-a97d-d965ccfc6d4b" outcome="Passed" testListId="8c84fa94-04c1-424b-9868-57a2d4851a1d" relativeResultsDirectory="1c568960-985b-441b-9ef0-4e9be48dc71b" />
    <UnitTestResult executionId="f80f364e-9378-4973-9d9d-ec8b92c25836" testId="105a64af-73d7-fe0d-7c73-e84eda6d7834" testName="NestyStay.Infrastructure.Tests.MilestonePersistenceTests.PhaseOneStorePersistsUsersTwoFactorPropertiesBookingsAndVerificationFlow" computerName="LAPTOP" duration="00:00:00.1137151" startTime="2026-08-30T17:54:57.7063080+01:00" endTime="2026-08-30T17:54:57.8198170+01:00" testType="13cdc9d9-ddb5-4fa4-a97d-d965ccfc6d4b" outcome="Passed" testListId="8c84fa94-04c1-424b-9868-57a2d4851a1d" relativeResultsDirectory="f80f364e-9378-4973-9d9d-ec8b92c25836" />
    <UnitTestResult executionId="216398db-183f-4db4-ad6f-a7e5b04bc88d" testId="44dd563e-255a-932f-5a2f-01b11c058070" testName="NestyStay.Infrastructure.Tests.MilestoneBookingRateLimitTests.InvalidGuestDoesNotConsumeBookingQuota" computerName="LAPTOP" duration="00:00:00.0073416" startTime="2026-08-30T17:54:57.7333544+01:00" endTime="2026-08-30T17:54:57.7405338+01:00" testType="13cdc9d9-ddb5-4fa4-a97d-d965ccfc6d4b" outcome="Passed" testListId="8c84fa94-04c1-424b-9868-57a2d4851a1d" relativeResultsDirectory="216398db-183f-4db4-ad6f-a7e5b04bc88d" />
    <UnitTestResult executionId="1ab08ed8-84db-440a-bdad-6e8f2948872c" testId="bf154135-c961-1958-df9f-3b437f0a7b9c" testName="NestyStay.Infrastructure.Tests.SchemaModelTests.SchemaCatalogDocumentsTheImplementedTables" computerName="LAPTOP" duration="00:00:00.0022587" startTime="2026-08-30T17:54:57.1418906+01:00" endTime="2026-08-30T17:54:57.1431084+01:00" testType="13cdc9d9-ddb5-4fa4-a97d-d965ccfc6d4b" outcome="Passed" testListId="8c84fa94-04c1-424b-9868-57a2d4851a1d" relativeResultsDirectory="1ab08ed8-84db-440a-bdad-6e8f2948872c" />
    <UnitTestResult executionId="22dc4d96-e39f-4351-aba5-31b9b8c7387b" testId="c1c4a34e-35d3-c114-bba1-4ef4b43d8b2e" testName="NestyStay.Infrastructure.Tests.MilestoneBookingRateLimitTests.BookingCreationKeepsSeparateGuestQuotas" computerName="LAPTOP" duration="00:00:01.4001895" startTime="2026-08-30T17:54:56.2412703+01:00" endTime="2026-08-30T17:54:57.6492992+01:00" testType="13cdc9d9-ddb5-4fa4-a97d-d965ccfc6d4b" outcome="Passed" testListId="8c84fa94-04c1-424b-9868-57a2d4851a1d" relativeResultsDirectory="22dc4d96-e39f-4351-aba5-31b9b8c7387b" />
    <UnitTestResult executionId="913a78ae-19f1-4ece-886d-8cd331cb19de" testId="e5a176be-726d-36b5-8031-bbde2502c778" testName="NestyStay.Infrastructure.Tests.MilestoneBookingRateLimitTests.ConcurrentBookingRequestsCannotBypassLimit" computerName="LAPTOP" duration="00:00:00.0253675" startTime="2026-08-30T17:54:57.7078179+01:00" endTime="2026-08-30T17:54:57.7330916+01:00" testType="13cdc9d9-ddb5-4fa4-a97d-d965ccfc6d4b" outcome="Passed" testListId="8c84fa94-04c1-424b-9868-57a2d4851a1d" relativeResultsDirectory="913a78ae-19f1-4ece-886d-8cd331cb19de" />
    <UnitTestResult executionId="c24ece22-598e-43cd-b4ef-74425dd13716" testId="1af4a9aa-ecf8-a6c9-c777-b3227b5f48c0" testName="NestyStay.Infrastructure.Tests.SchemaModelTests.DbContextContainsThePlannedBackendSchema" computerName="LAPTOP" duration="00:00:00.8836532" startTime="2026-08-30T17:54:56.2679291+01:00" endTime="2026-08-30T17:54:57.1409745+01:00" testType="13cdc9d9-ddb5-4fa4-a97d-d965ccfc6d4b" outcome="Passed" testListId="8c84fa94-04c1-424b-9868-57a2d4851a1d" relativeResultsDirectory="c24ece22-598e-43cd-b4ef-74425dd13716" />
    <UnitTestResult executionId="9e5089c9-83c4-492f-9e35-70fa0e485091" testId="1ed259c2-6046-513c-98e3-46fa1c3ba71c" testName="NestyStay.Infrastructure.Tests.MilestoneBookingRateLimitTests.BookingCreationAllowsBelowAndThresholdRequestsThenRejectsAboveLimit" computerName="LAPTOP" duration="00:00:00.0570057" startTime="2026-08-30T17:54:57.6506147+01:00" endTime="2026-08-30T17:54:57.7076262+01:00" testType="13cdc9d9-ddb5-4fa4-a97d-d965ccfc6d4b" outcome="Passed" testListId="8c84fa94-04c1-424b-9868-57a2d4851a1d" relativeResultsDirectory="9e5089c9-83c4-492f-9e35-70fa0e485091" />
    <UnitTestResult executionId="ab798407-dff4-4a83-a62a-6ca98ae5f3bc" testId="8096c599-e2e7-46b9-6b24-4c2ae5fe3774" testName="NestyStay.Infrastructure.Tests.MilestonePersistenceTests.ProviderEventStorePersistsProcessingStateAndDeduplicatesProviderEventIds" computerName="LAPTOP" duration="00:00:00.0600362" startTime="2026-08-30T17:54:57.8199764+01:00" endTime="2026-08-30T17:54:57.8799582+01:00" testType="13cdc9d9-ddb5-4fa4-a97d-d965ccfc6d4b" outcome="Passed" testListId="8c84fa94-04c1-424b-9868-57a2d4851a1d" relativeResultsDirectory="ab798407-dff4-4a83-a62a-6ca98ae5f3bc" />
    <UnitTestResult executionId="f186aef0-b6c4-4393-b424-f380efc2d814" testId="da325f1c-7210-b757-7932-b57e1ea8dd24" testName="NestyStay.Infrastructure.Tests.SchemaModelTests.SeedDataIncludesSignedHostBadgeUnlocks" computerName="LAPTOP" duration="00:00:00.0015714" startTime="2026-08-30T17:54:57.1432300+01:00" endTime="2026-08-30T17:54:57.1447584+01:00" testType="13cdc9d9-ddb5-4fa4-a97d-d965ccfc6d4b" outcome="Passed" testListId="8c84fa94-04c1-424b-9868-57a2d4851a1d" relativeResultsDirectory="f186aef0-b6c4-4393-b424-f380efc2d814" />
    <UnitTestResult executionId="b59128ba-d878-42fd-9297-dc4da3c49c56" testId="c4c1d717-576b-df63-5b19-56c62fbd77c1" testName="NestyStay.Infrastructure.Tests.MilestoneBookingRateLimitTests.BookingCreationWindowExpiresAndResetsRetryInformation" computerName="LAPTOP" duration="00:00:00.0273670" startTime="2026-08-30T17:54:57.7406917+01:00" endTime="2026-08-30T17:54:57.7679969+01:00" testType="13cdc9d9-ddb5-4fa4-a97d-d965ccfc6d4b" outcome="Passed" testListId="8c84fa94-04c1-424b-9868-57a2d4851a1d" relativeResultsDirectory="b59128ba-d878-42fd-9297-dc4da3c49c56" />
    <UnitTestResult executionId="4c894387-8731-47b8-8de9-814f7efd1d73" testId="aa859d95-f30d-d494-b4fd-f55a3d32bba5" testName="NestyStay.Infrastructure.Tests.SchemaModelTests.SeedDataIncludesSignedContractPricebookValuesAsConfigurableEntries" computerName="LAPTOP" duration="00:00:00.0087704" startTime="2026-08-30T17:54:56.2413267+01:00" endTime="2026-08-30T17:54:56.2566206+01:00" testType="13cdc9d9-ddb5-4fa4-a97d-d965ccfc6d4b" outcome="Passed" testListId="8c84fa94-04c1-424b-9868-57a2d4851a1d" relativeResultsDirectory="4c894387-8731-47b8-8de9-814f7efd1d73" />
    <UnitTestResult executionId="e7f9843b-2ffa-42bd-9323-f6329d223350" testId="ab69fdeb-61ed-c004-9cb0-d3b62a061cb3" testName="NestyStay.Infrastructure.Tests.MilestonePersistenceTests.PhaseOneStorePersistsStripeWebhookPaymentUpdatesIdempotently" computerName="LAPTOP" duration="00:00:00.0248974" startTime="2026-08-30T17:54:58.1220356+01:00" endTime="2026-08-30T17:54:58.1441446+01:00" testType="13cdc9d9-ddb5-4fa4-a97d-d965ccfc6d4b" outcome="Passed" testListId="8c84fa94-04c1-424b-9868-57a2d4851a1d" relativeResultsDirectory="e7f9843b-2ffa-42bd-9323-f6329d223350" />
  </Results>
  <TestDefinitions>
    <UnitTest name="NestyStay.Infrastructure.Tests.MilestoneBookingRateLimitTests.BookingCreationAllowsBelowAndThresholdRequestsThenRejectsAboveLimit" storage="c:\users\administrator\desktop\nestystayplatform\backend\tests\nestystay.infrastructure.tests\bin\debug\net10.0\nestystay.infrastructure.tests.dll" id="1ed259c2-6046-513c-98e3-46fa1c3ba71c">
      <Execution id="9e5089c9-83c4-492f-9e35-70fa0e485091" />
      <TestMethod codeBase="C:\Users\Administrator\Desktop\nestystayPLATFORM\backend\tests\NestyStay.Infrastructure.Tests\bin\Debug\net10.0\NestyStay.Infrastructure.Tests.dll" adapterTypeName="executor://xunit/VsTestRunner3/netcore/" className="NestyStay.Infrastructure.Tests.MilestoneBookingRateLimitTests" name="BookingCreationAllowsBelowAndThresholdRequestsThenRejectsAboveLimit" />
    </UnitTest>
    <UnitTest name="NestyStay.Infrastructure.Tests.SchemaModelTests.SeedDataIncludesSignedHostBadgeUnlocks" storage="c:\users\administrator\desktop\nestystayplatform\backend\tests\nestystay.infrastructure.tests\bin\debug\net10.0\nestystay.infrastructure.tests.dll" id="da325f1c-7210-b757-7932-b57e1ea8dd24">
      <Execution id="f186aef0-b6c4-4393-b424-f380efc2d814" />
      <TestMethod codeBase="C:\Users\Administrator\Desktop\nestystayPLATFORM\backend\tests\NestyStay.Infrastructure.Tests\bin\Debug\net10.0\NestyStay.Infrastructure.Tests.dll" adapterTypeName="executor://xunit/VsTestRunner3/netcore/" className="NestyStay.Infrastructure.Tests.SchemaModelTests" name="SeedDataIncludesSignedHostBadgeUnlocks" />
    </UnitTest>
    <UnitTest name="NestyStay.Infrastructure.Tests.SchemaModelTests.SchemaCatalogDocumentsTheImplementedTables" storage="c:\users\administrator\desktop\nestystayplatform\backend\tests\nestystay.infrastructure.tests\bin\debug\net10.0\nestystay.infrastructure.tests.dll" id="bf154135-c961-1958-df9f-3b437f0a7b9c">
      <Execution id="1ab08ed8-84db-440a-bdad-6e8f2948872c" />
      <TestMethod codeBase="C:\Users\Administrator\Desktop\nestystayPLATFORM\backend\tests\NestyStay.Infrastructure.Tests\bin\Debug\net10.0\NestyStay.Infrastructure.Tests.dll" adapterTypeName="executor://xunit/VsTestRunner3/netcore/" className="NestyStay.Infrastructure.Tests.SchemaModelTests" name="SchemaCatalogDocumentsTheImplementedTables" />
    </UnitTest>
    <UnitTest name="NestyStay.Infrastructure.Tests.MilestoneBookingRateLimitTests.BookingCreationKeepsSeparateGuestQuotas" storage="c:\users\administrator\desktop\nestystayplatform\backend\tests\nestystay.infrastructure.tests\bin\debug\net10.0\nestystay.infrastructure.tests.dll" id="c1c4a34e-35d3-c114-bba1-4ef4b43d8b2e">
      <Execution id="22dc4d96-e39f-4351-aba5-31b9b8c7387b" />
      <TestMethod codeBase="C:\Users\Administrator\Desktop\nestystayPLATFORM\backend\tests\NestyStay.Infrastructure.Tests\bin\Debug\net10.0\NestyStay.Infrastructure.Tests.dll" adapterTypeName="executor://xunit/VsTestRunner3/netcore/" className="NestyStay.Infrastructure.Tests.MilestoneBookingRateLimitTests" name="BookingCreationKeepsSeparateGuestQuotas" />
    </UnitTest>
    <UnitTest name="NestyStay.Infrastructure.Tests.SchemaModelTests.DbContextContainsThePlannedBackendSchema" storage="c:\users\administrator\desktop\nestystayplatform\backend\tests\nestystay.infrastructure.tests\bin\debug\net10.0\nestystay.infrastructure.tests.dll" id="1af4a9aa-ecf8-a6c9-c777-b3227b5f48c0">
      <Execution id="c24ece22-598e-43cd-b4ef-74425dd13716" />
      <TestMethod codeBase="C:\Users\Administrator\Desktop\nestystayPLATFORM\backend\tests\NestyStay.Infrastructure.Tests\bin\Debug\net10.0\NestyStay.Infrastructure.Tests.dll" adapterTypeName="executor://xunit/VsTestRunner3/netcore/" className="NestyStay.Infrastructure.Tests.SchemaModelTests" name="DbContextContainsThePlannedBackendSchema" />
    </UnitTest>
    <UnitTest name="NestyStay.Infrastructure.Tests.SchemaModelTests.SeedDataIncludesSignedContractPricebookValuesAsConfigurableEntries" storage="c:\users\administrator\desktop\nestystayplatform\backend\tests\nestystay.infrastructure.tests\bin\debug\net10.0\nestystay.infrastructure.tests.dll" id="aa859d95-f30d-d494-b4fd-f55a3d32bba5">
      <Execution id="4c894387-8731-47b8-8de9-814f7efd1d73" />
      <TestMethod codeBase="C:\Users\Administrator\Desktop\nestystayPLATFORM\backend\tests\NestyStay.Infrastructure.Tests\bin\Debug\net10.0\NestyStay.Infrastructure.Tests.dll" adapterTypeName="executor://xunit/VsTestRunner3/netcore/" className="NestyStay.Infrastructure.Tests.SchemaModelTests" name="SeedDataIncludesSignedContractPricebookValuesAsConfigurableEntries" />
    </UnitTest>
    <UnitTest name="NestyStay.Infrastructure.Tests.MilestonePersistenceTests.PhaseOneStorePersistsStateMachineConflictsAndIgnoresStaleWebhookDowngrades" storage="c:\users\administrator\desktop\nestystayplatform\backend\tests\nestystay.infrastructure.tests\bin\debug\net10.0\nestystay.infrastructure.tests.dll" id="2a432f71-ebe0-496a-2ea8-8e169559cefc">
      <Execution id="093b0c9c-c1fa-4524-9cd8-508e798f0ffb" />
      <TestMethod codeBase="C:\Users\Administrator\Desktop\nestystayPLATFORM\backend\tests\NestyStay.Infrastructure.Tests\bin\Debug\net10.0\NestyStay.Infrastructure.Tests.dll" adapterTypeName="executor://xunit/VsTestRunner3/netcore/" className="NestyStay.Infrastructure.Tests.MilestonePersistenceTests" name="PhaseOneStorePersistsStateMachineConflictsAndIgnoresStaleWebhookDowngrades" />
    </UnitTest>
    <UnitTest name="NestyStay.Infrastructure.Tests.MilestonePersistenceTests.PhaseOneStorePersistsStripeWebhookPaymentUpdatesIdempotently" storage="c:\users\administrator\desktop\nestystayplatform\backend\tests\nestystay.infrastructure.tests\bin\debug\net10.0\nestystay.infrastructure.tests.dll" id="ab69fdeb-61ed-c004-9cb0-d3b62a061cb3">
      <Execution id="e7f9843b-2ffa-42bd-9323-f6329d223350" />
      <TestMethod codeBase="C:\Users\Administrator\Desktop\nestystayPLATFORM\backend\tests\NestyStay.Infrastructure.Tests\bin\Debug\net10.0\NestyStay.Infrastructure.Tests.dll" adapterTypeName="executor://xunit/VsTestRunner3/netcore/" className="NestyStay.Infrastructure.Tests.MilestonePersistenceTests" name="PhaseOneStorePersistsStripeWebhookPaymentUpdatesIdempotently" />
    </UnitTest>
    <UnitTest name="NestyStay.Infrastructure.Tests.MilestonePersistenceTests.ProviderEventStorePersistsProcessingStateAndDeduplicatesProviderEventIds" storage="c:\users\administrator\desktop\nestystayplatform\backend\tests\nestystay.infrastructure.tests\bin\debug\net10.0\nestystay.infrastructure.tests.dll" id="8096c599-e2e7-46b9-6b24-4c2ae5fe3774">
      <Execution id="ab798407-dff4-4a83-a62a-6ca98ae5f3bc" />
      <TestMethod codeBase="C:\Users\Administrator\Desktop\nestystayPLATFORM\backend\tests\NestyStay.Infrastructure.Tests\bin\Debug\net10.0\NestyStay.Infrastructure.Tests.dll" adapterTypeName="executor://xunit/VsTestRunner3/netcore/" className="NestyStay.Infrastructure.Tests.MilestonePersistenceTests" name="ProviderEventStorePersistsProcessingStateAndDeduplicatesProviderEventIds" />
    </UnitTest>
    <UnitTest name="NestyStay.Infrastructure.Tests.MilestoneBookingRateLimitTests.InvalidGuestDoesNotConsumeBookingQuota" storage="c:\users\administrator\desktop\nestystayplatform\backend\tests\nestystay.infrastructure.tests\bin\debug\net10.0\nestystay.infrastructure.tests.dll" id="44dd563e-255a-932f-5a2f-01b11c058070">
      <Execution id="216398db-183f-4db4-ad6f-a7e5b04bc88d" />
      <TestMethod codeBase="C:\Users\Administrator\Desktop\nestystayPLATFORM\backend\tests\NestyStay.Infrastructure.Tests\bin\Debug\net10.0\NestyStay.Infrastructure.Tests.dll" adapterTypeName="executor://xunit/VsTestRunner3/netcore/" className="NestyStay.Infrastructure.Tests.MilestoneBookingRateLimitTests" name="InvalidGuestDoesNotConsumeBookingQuota" />
    </UnitTest>
    <UnitTest name="NestyStay.Infrastructure.Tests.MilestoneBookingRateLimitTests.ConcurrentBookingRequestsCannotBypassLimit" storage="c:\users\administrator\desktop\nestystayplatform\backend\tests\nestystay.infrastructure.tests\bin\debug\net10.0\nestystay.infrastructure.tests.dll" id="e5a176be-726d-36b5-8031-bbde2502c778">
      <Execution id="913a78ae-19f1-4ece-886d-8cd331cb19de" />
      <TestMethod codeBase="C:\Users\Administrator\Desktop\nestystayPLATFORM\backend\tests\NestyStay.Infrastructure.Tests\bin\Debug\net10.0\NestyStay.Infrastructure.Tests.dll" adapterTypeName="executor://xunit/VsTestRunner3/netcore/" className="NestyStay.Infrastructure.Tests.MilestoneBookingRateLimitTests" name="ConcurrentBookingRequestsCannotBypassLimit" />
    </UnitTest>
    <UnitTest name="NestyStay.Infrastructure.Tests.MilestonePersistenceTests.PhaseTwoStorePersistsPricebookAssignmentsRenewalsCampaignsAndFoundingBenefits" storage="c:\users\administrator\desktop\nestystayplatform\backend\tests\nestystay.infrastructure.tests\bin\debug\net10.0\nestystay.infrastructure.tests.dll" id="870f371a-6018-b447-460f-af411554f6d6">
      <Execution id="1c568960-985b-441b-9ef0-4e9be48dc71b" />
      <TestMethod codeBase="C:\Users\Administrator\Desktop\nestystayPLATFORM\backend\tests\NestyStay.Infrastructure.Tests\bin\Debug\net10.0\NestyStay.Infrastructure.Tests.dll" adapterTypeName="executor://xunit/VsTestRunner3/netcore/" className="NestyStay.Infrastructure.Tests.MilestonePersistenceTests" name="PhaseTwoStorePersistsPricebookAssignmentsRenewalsCampaignsAndFoundingBenefits" />
    </UnitTest>
    <UnitTest name="NestyStay.Infrastructure.Tests.MilestonePersistenceTests.PhaseOneStorePersistsUsersTwoFactorPropertiesBookingsAndVerificationFlow" storage="c:\users\administrator\desktop\nestystayplatform\backend\tests\nestystay.infrastructure.tests\bin\debug\net10.0\nestystay.infrastructure.tests.dll" id="105a64af-73d7-fe0d-7c73-e84eda6d7834">
      <Execution id="f80f364e-9378-4973-9d9d-ec8b92c25836" />
      <TestMethod codeBase="C:\Users\Administrator\Desktop\nestystayPLATFORM\backend\tests\NestyStay.Infrastructure.Tests\bin\Debug\net10.0\NestyStay.Infrastructure.Tests.dll" adapterTypeName="executor://xunit/VsTestRunner3/netcore/" className="NestyStay.Infrastructure.Tests.MilestonePersistenceTests" name="PhaseOneStorePersistsUsersTwoFactorPropertiesBookingsAndVerificationFlow" />
    </UnitTest>
    <UnitTest name="NestyStay.Infrastructure.Tests.MilestoneBookingRateLimitTests.BookingCreationWindowExpiresAndResetsRetryInformation" storage="c:\users\administrator\desktop\nestystayplatform\backend\tests\nestystay.infrastructure.tests\bin\debug\net10.0\nestystay.infrastructure.tests.dll" id="c4c1d717-576b-df63-5b19-56c62fbd77c1">
      <Execution id="b59128ba-d878-42fd-9297-dc4da3c49c56" />
      <TestMethod codeBase="C:\Users\Administrator\Desktop\nestystayPLATFORM\backend\tests\NestyStay.Infrastructure.Tests\bin\Debug\net10.0\NestyStay.Infrastructure.Tests.dll" adapterTypeName="executor://xunit/VsTestRunner3/netcore/" className="NestyStay.Infrastructure.Tests.MilestoneBookingRateLimitTests" name="BookingCreationWindowExpiresAndResetsRetryInformation" />
    </UnitTest>
  </TestDefinitions>
  <TestEntries>
    <TestEntry testId="2a432f71-ebe0-496a-2ea8-8e169559cefc" executionId="093b0c9c-c1fa-4524-9cd8-508e798f0ffb" testListId="8c84fa94-04c1-424b-9868-57a2d4851a1d" />
    <TestEntry testId="870f371a-6018-b447-460f-af411554f6d6" executionId="1c568960-985b-441b-9ef0-4e9be48dc71b" testListId="8c84fa94-04c1-424b-9868-57a2d4851a1d" />
    <TestEntry testId="105a64af-73d7-fe0d-7c73-e84eda6d7834" executionId="f80f364e-9378-4973-9d9d-ec8b92c25836" testListId="8c84fa94-04c1-424b-9868-57a2d4851a1d" />
    <TestEntry testId="44dd563e-255a-932f-5a2f-01b11c058070" executionId="216398db-183f-4db4-ad6f-a7e5b04bc88d" testListId="8c84fa94-04c1-424b-9868-57a2d4851a1d" />
    <TestEntry testId="bf154135-c961-1958-df9f-3b437f0a7b9c" executionId="1ab08ed8-84db-440a-bdad-6e8f2948872c" testListId="8c84fa94-04c1-424b-9868-57a2d4851a1d" />
    <TestEntry testId="c1c4a34e-35d3-c114-bba1-4ef4b43d8b2e" executionId="22dc4d96-e39f-4351-aba5-31b9b8c7387b" testListId="8c84fa94-04c1-424b-9868-57a2d4851a1d" />
    <TestEntry testId="e5a176be-726d-36b5-8031-bbde2502c778" executionId="913a78ae-19f1-4ece-886d-8cd331cb19de" testListId="8c84fa94-04c1-424b-9868-57a2d4851a1d" />
    <TestEntry testId="1af4a9aa-ecf8-a6c9-c777-b3227b5f48c0" executionId="c24ece22-598e-43cd-b4ef-74425dd13716" testListId="8c84fa94-04c1-424b-9868-57a2d4851a1d" />
    <TestEntry testId="1ed259c2-6046-513c-98e3-46fa1c3ba71c" executionId="9e5089c9-83c4-492f-9e35-70fa0e485091" testListId="8c84fa94-04c1-424b-9868-57a2d4851a1d" />
    <TestEntry testId="8096c599-e2e7-46b9-6b24-4c2ae5fe3774" executionId="ab798407-dff4-4a83-a62a-6ca98ae5f3bc" testListId="8c84fa94-04c1-424b-9868-57a2d4851a1d" />
    <TestEntry testId="da325f1c-7210-b757-7932-b57e1ea8dd24" executionId="f186aef0-b6c4-4393-b424-f380efc2d814" testListId="8c84fa94-04c1-424b-9868-57a2d4851a1d" />
    <TestEntry testId="c4c1d717-576b-df63-5b19-56c62fbd77c1" executionId="b59128ba-d878-42fd-9297-dc4da3c49c56" testListId="8c84fa94-04c1-424b-9868-57a2d4851a1d" />
    <TestEntry testId="aa859d95-f30d-d494-b4fd-f55a3d32bba5" executionId="4c894387-8731-47b8-8de9-814f7efd1d73" testListId="8c84fa94-04c1-424b-9868-57a2d4851a1d" />
    <TestEntry testId="ab69fdeb-61ed-c004-9cb0-d3b62a061cb3" executionId="e7f9843b-2ffa-42bd-9323-f6329d223350" testListId="8c84fa94-04c1-424b-9868-57a2d4851a1d" />
  </TestEntries>
  <TestLists>
    <TestList name="Results Not in a List" id="8c84fa94-04c1-424b-9868-57a2d4851a1d" />
    <TestList name="All Loaded Results" id="19431567-8539-422a-85d7-44ee4e166bda" />
  </TestLists>
  <ResultSummary outcome="Completed">
    <Counters total="14" executed="14" passed="14" failed="0" error="0" timeout="0" aborted="0" inconclusive="0" passedButRunAborted="0" notRunnable="0" notExecuted="0" disconnected="0" warning="0" completed="0" inProgress="0" pending="0" />
    <Output>
      <StdOut>[xUnit.net 00:00:00.00] xUnit.net VSTest Adapter v3.1.5+1b188a7b0a (64-bit .NET 10.0.10)&#xD;
[xUnit.net 00:00:00.07]   Discovering: NestyStay.Infrastructure.Tests&#xD;
[xUnit.net 00:00:00.11]   Discovered:  NestyStay.Infrastructure.Tests&#xD;
[xUnit.net 00:00:00.13]   Starting:    NestyStay.Infrastructure.Tests&#xD;
[xUnit.net 00:00:02.06]   Finished:    NestyStay.Infrastructure.Tests&#xD;
</StdOut>
    </Output>
  </ResultSummary>
</TestRun>